
> react-kavia@0.1.0 start
> cross-env EDIT_MODE=true webpack serve --config .ve/webpack.config.js --mode development

<i> [webpack-dev-server] Project is running at:
<i> [webpack-dev-server] Loopback: http://localhost:3000/, http://[::1]:3000/
<i> [webpack-dev-server] On Your Network (IPv4): http://172.17.0.2:3000/
<i> [webpack-dev-server] Content not from webpack is served from './public' directory
Injecting EditorRootWrapper import: ../.ve/EditorRootWrapper
asset bundle.js 1.41 MiB [emitted] (name: main)
asset src_pages_Dashboard_js.bundle.js 6.49 KiB [emitted]
asset src_pages_StoryChamber_js.bundle.js 4.88 KiB [emitted]
asset src_pages_TimelineVault_js.bundle.js 3.89 KiB [emitted]
asset src_pages_Home_js.bundle.js 3.79 KiB [emitted]
asset src_pages_PathSelector_js.bundle.js 3.52 KiB [emitted]
asset index.html 1.98 KiB [emitted]
runtime modules 30.8 KiB 16 modules
cacheable modules 1.29 MiB
  modules by path ./node_modules/ 1.24 MiB 31 modules
  modules by path ./src/ 32.8 KiB
    modules by path ./src/pages/*.js 11.2 KiB 5 modules
    modules by path ./src/*.css 9.91 KiB 4 modules
    modules by path ./src/*.js 11.7 KiB
      ./src/index.js 530 bytes [built] [code generated]
      ./src/App.js 11.1 KiB [built] [code generated]
  modules by path ./.ve/ 15.1 KiB
    modules by path ./.ve/*.js 10.6 KiB 2 modules
    modules by path ./.ve/*.css 2.93 KiB 2 modules
    ./.ve/EditorOverlay.jsx 1.58 KiB [built] [code generated]
webpack 5.99.9 compiled successfully in 1455 ms
assets by status 20.8 KiB [cached] 5 assets
assets by status 1.45 MiB [emitted]
  assets by info 18.8 KiB [immutable]
    asset src_pages_Home_js.dceed5f2ad3fcb24c47b.hot-update.js 17.9 KiB [emitted] [immutable] [hmr]
    asset main.dceed5f2ad3fcb24c47b.hot-update.js 854 bytes [emitted] [immutable] [hmr] (name: main)
    asset main.dceed5f2ad3fcb24c47b.hot-update.json 48 bytes [emitted] [immutable] [hmr]
  asset bundle.js 1.41 MiB [emitted] (name: main)
  asset src_pages_Home_js.bundle.js 18 KiB [emitted]
Entrypoint main 1.41 MiB = bundle.js 1.41 MiB main.dceed5f2ad3fcb24c47b.hot-update.js 854 bytes
cached modules 1.28 MiB [cached] 46 modules
runtime modules 30.8 KiB 16 modules
./src/pages/Home.js 13.2 KiB [built] [code generated]
webpack 5.99.9 compiled successfully in 152 ms
assets by status 35.2 KiB [cached] 5 assets
assets by status 1.44 MiB [emitted]
  assets by info 15.3 KiB [immutable]
    asset src_pages_PathSelector_js.3bc8a30e6b20c8115126.hot-update.js 14.4 KiB [emitted] [immutable] [hmr]
    asset main.3bc8a30e6b20c8115126.hot-update.js 854 bytes [emitted] [immutable] [hmr] (name: main)
    asset main.3bc8a30e6b20c8115126.hot-update.json 56 bytes [emitted] [immutable] [hmr]
  asset bundle.js 1.41 MiB [emitted] (name: main)
  asset src_pages_PathSelector_js.bundle.js 14.4 KiB [emitted]
Entrypoint main 1.41 MiB = bundle.js 1.41 MiB main.3bc8a30e6b20c8115126.hot-update.js 854 bytes
cached modules 1.3 MiB [cached] 46 modules
runtime modules 30.8 KiB 16 modules
./src/pages/PathSelector.js 10.3 KiB [built] [code generated]
webpack 5.99.9 compiled successfully in 73 ms
assets by status 43.2 KiB [cached] 5 assets
assets by status 1.44 MiB [emitted]
  assets by info 14.4 KiB [immutable]
    asset src_pages_Dashboard_js.ca963d430e716b1689aa.hot-update.js 13.5 KiB [emitted] [immutable] [hmr]
    asset main.ca963d430e716b1689aa.hot-update.js 854 bytes [emitted] [immutable] [hmr] (name: main)
    asset main.ca963d430e716b1689aa.hot-update.json 53 bytes [emitted] [immutable] [hmr]
  asset bundle.js 1.41 MiB [emitted] (name: main)
  asset src_pages_Dashboard_js.bundle.js 13.5 KiB [emitted]
Entrypoint main 1.41 MiB = bundle.js 1.41 MiB main.ca963d430e716b1689aa.hot-update.js 854 bytes
cached modules 1.3 MiB [cached] 46 modules
runtime modules 30.8 KiB 16 modules
./src/pages/Dashboard.js 9.4 KiB [built] [code generated]
webpack 5.99.9 compiled successfully in 84 ms
assets by status 51.8 KiB [cached] 5 assets
assets by status 1.43 MiB [emitted]
  assets by info 11.5 KiB [immutable]
    asset src_pages_StoryChamber_js.5c8cb1acd2031bc52524.hot-update.js 10.6 KiB [emitted] [immutable] [hmr]
    asset main.5c8cb1acd2031bc52524.hot-update.js 854 bytes [emitted] [immutable] [hmr] (name: main)
    asset main.5c8cb1acd2031bc52524.hot-update.json 56 bytes [emitted] [immutable] [hmr]
  asset bundle.js 1.41 MiB [emitted] (name: main)
  asset src_pages_StoryChamber_js.bundle.js 10.6 KiB [emitted]
Entrypoint main 1.41 MiB = bundle.js 1.41 MiB main.5c8cb1acd2031bc52524.hot-update.js 854 bytes
cached modules 1.31 MiB [cached] 46 modules
runtime modules 30.8 KiB 16 modules
./src/pages/StoryChamber.js 7.59 KiB [built] [code generated]
webpack 5.99.9 compiled successfully in 65 ms
assets by status 62.4 KiB [cached] 6 assets
assets by status 1.42 MiB [emitted]
  asset bundle.js 1.41 MiB [emitted] (name: main)
  asset main.4ee6023946f40d5a3e97.hot-update.js 15.9 KiB [emitted] [immutable] [hmr] (name: main)
  asset main.4ee6023946f40d5a3e97.hot-update.json 28 bytes [emitted] [immutable] [hmr]
Entrypoint main 1.42 MiB = bundle.js 1.41 MiB main.4ee6023946f40d5a3e97.hot-update.js 15.9 KiB
cached modules 1.31 MiB [cached] 46 modules
runtime modules 30.8 KiB 16 modules
./src/App.js 11 KiB [built] [code generated]
webpack 5.99.9 compiled successfully in 72 ms
assets by status 62.4 KiB [cached] 6 assets
assets by status 1.43 MiB [emitted]
  asset bundle.js 1.41 MiB [emitted] (name: main)
  asset main.6fcfddc04e5c001e3100.hot-update.js 17.4 KiB [emitted] [immutable] [hmr] (name: main)
  asset main.6fcfddc04e5c001e3100.hot-update.json 28 bytes [emitted] [immutable] [hmr]
Entrypoint main 1.43 MiB = bundle.js 1.41 MiB main.6fcfddc04e5c001e3100.hot-update.js 17.4 KiB
cached modules 1.31 MiB [cached] 46 modules
runtime modules 30.8 KiB 16 modules
./src/App.js 12.2 KiB [built] [code generated]
webpack 5.99.9 compiled successfully in 74 ms
